\set ECHO none
remove_provenance

(1 row)
city|why
Berlin|{{Ellen,Susan}}
New York|{{John,Paul}}
Paris|{{Dave,Magdalen},{Dave,Nancy},{Magdalen,Nancy}}
(3 rows)
