\set ECHO none
ERROR:  ProvSQL cannot handle complex HAVING expressions
